main.c:72:6:potentiometer_set_value	24	static
main.c:86:6:potentiometer_set_int_value	16	static
main.c:99:6:measuring	16	static
main.c:115:6:measuring_with_certain_time	24	static
main.c:131:6:HAL_UART_RxCpltCallback	16	static
main.c:142:5:main	24	static
main.c:216:6:SystemClock_Config	88	static
main.c:259:13:MX_ADC1_Init	24	static
main.c:345:13:MX_SPI1_Init	8	static
main.c:383:13:MX_USART1_UART_Init	8	static
main.c:416:13:MX_GPIO_Init	32	static
main.c:444:6:Error_Handler	4	static,ignoring_inline_asm
